../Core/Src/main.c:118:5:main	8	static
../Core/Src/main.c:212:6:SystemClock_Config	88	static
../Core/Src/main.c:259:13:MX_ADC1_Init	24	static
../Core/Src/main.c:306:13:MX_USART1_UART_Init	8	static
../Core/Src/main.c:339:13:MX_GPIO_Init	40	static
../Core/Src/main.c:371:6:Menu_Display	72	static
../Core/Src/main.c:389:6:StartDefaultTask	16	static
../Core/Src/main.c:407:6:pickButton	16	static
../Core/Src/main.c:437:6:getADC	16	static
../Core/Src/main.c:461:6:dispLED	16	static
../Core/Src/main.c:489:6:dispUART	16	static
../Core/Src/main.c:542:6:HAL_TIM_PeriodElapsedCallback	16	static
../Core/Src/main.c:559:6:Error_Handler	4	static,ignoring_inline_asm
